// Jest Snapshot v1, https://goo.gl/fbAQLP

exports[`ml mlClassifyRemote when mlClassifyEndpoint is set sends fetch request 1`] = `
[
  [
    "https://example.com/test",
    {
      "body": "{"sentences":["line 1","line 2"]}",
      "headers": {
        "Content-Type": "application/json",
      },
      "method": "POST",
    },
  ],
]
`;
