// Jest Snapshot v1, https://goo.gl/fbAQLP

exports[`clip returns result matching snapshot 1`] = `
Object {
  "activeTime": "activeTime",
  "description": "description",
  "imageURL": "imageURL",
  "ingredients": "ingredients",
  "instructions": "instructions",
  "notes": "notes",
  "source": "source",
  "title": "title",
  "totalTime": "totalTime",
  "yield": "yield",
}
`;
